python : Traceback (most recent call last):
At line:1 char:1
+ python -c "import sys; sys.path.insert(0, '.'); from main import *; i ...
+ ~~~~~~~~~~~~~~~~~~~~~~~~~~~~~~~~~~~~~~~~~~~~~~~~~~~~~~~~~~~~~~~~~~~~~
    + CategoryInfo          : NotSpecified: (Traceback (most recent call last)::String) [], RemoteException
    + FullyQualifiedErrorId : NativeCommandError
 
  File "<string>", line 1, in <module>
    import sys; sys.path.insert(0, '.'); from main import *; import json; app = QApplication(sys.argv); window = KMKConfiguratorApp(); 
window.load_configuration('kmk_Config_Save/kmk_config.json'); code = window.get_generated_python_code(); print(code)
                                                                                                                 ^^^^^^^^^^^^^^^^^^
NameError: name 'KMKConfiguratorApp' is not defined. Did you mean: 'KMKConfigurator'?
